../Core/Src/ssd1306.c:13:6:write_command	32	static
../Core/Src/ssd1306.c:21:6:write_data	1056	static
../Core/Src/ssd1306.c:31:6:ssd1306_update_display	8	static
../Core/Src/ssd1306.c:43:6:ssd1306_fill_buffer	16	static
../Core/Src/ssd1306.c:47:6:clear_display	8	static
../Core/Src/ssd1306.c:52:6:ssd1306_init	8	static
../Core/Src/ssd1306.c:116:6:place_pixel	16	static
../Core/Src/ssd1306.c:123:6:invert_pixel	16	static
../Core/Src/ssd1306.c:130:6:place_char	40	static
../Core/Src/ssd1306.c:148:6:write_page	32	static
../Core/Src/ssd1306.c:158:6:draw_box	32	static
../Core/Src/ssd1306.c:166:6:display_init	8	static
../Core/Src/ssd1306.c:179:6:invert_box	32	static
../Core/Src/ssd1306.c:187:6:insert_shape	40	static
../Core/Src/ssd1306.c:200:6:choice_selection	16	static
